com\juegito\client\network\ConnectionManager$ConnectionState.class
com\juegito\client\game\ActionExecutor$ActionListener.class
com\juegito\client\graphics\GraphicsConstants.class
com\juegito\client\network\NetworkClient.class
com\juegito\client\state\ServerUpdateProcessor$StateChangeType.class
com\juegito\client\network\MessageHandler.class
com\juegito\client\game\TurnManager$TurnInfo.class
com\juegito\client\state\ServerUpdateProcessor$StateChangeListener.class
com\juegito\client\graphics\PlayerRenderer.class
com\juegito\client\game\ActionExecutor$ActionResult.class
com\juegito\client\GameClient.class
com\juegito\client\graphics\HUD.class
com\juegito\client\GameClient$1.class
com\juegito\client\graphics\GameApplication.class
com\juegito\client\state\ServerUpdateProcessor$1.class
com\juegito\client\graphics\HexMapRenderer.class
com\juegito\client\network\NetworkConstants.class
com\juegito\client\state\ClientGameState$GamePhase.class
com\juegito\client\network\MessageHandler$1.class
com\juegito\client\state\ClientGameState.class
com\juegito\client\network\ConnectionManager$ConnectionListener.class
com\juegito\client\graphics\CameraController.class
com\juegito\client\graphics\GameInputProcessor.class
com\juegito\client\game\ActionExecutor.class
com\juegito\client\game\TurnManager.class
com\juegito\client\state\ServerUpdateProcessor.class
com\juegito\client\network\ConnectionManager.class
