E:\Tactica\client-src\main\java\com\juegito\client\network\NetworkConstants.java
E:\Tactica\client-src\main\java\com\juegito\client\network\NetworkClient.java
E:\Tactica\client-src\main\java\com\juegito\client\graphics\HexMapRenderer.java
E:\Tactica\client-src\main\java\com\juegito\client\graphics\HUD.java
E:\Tactica\client-src\main\java\com\juegito\client\graphics\GameInputProcessor.java
E:\Tactica\client-src\main\java\com\juegito\client\state\ClientGameState.java
E:\Tactica\client-src\main\java\com\juegito\client\graphics\CameraController.java
E:\Tactica\client-src\main\java\com\juegito\client\network\ConnectionManager.java
E:\Tactica\client-src\main\java\com\juegito\client\game\TurnManager.java
E:\Tactica\client-src\main\java\com\juegito\client\graphics\GraphicsConstants.java
E:\Tactica\client-src\main\java\com\juegito\client\state\ServerUpdateProcessor.java
E:\Tactica\client-src\main\java\com\juegito\client\game\ActionExecutor.java
E:\Tactica\client-src\main\java\com\juegito\client\GameClient.java
E:\Tactica\client-src\main\java\com\juegito\client\graphics\PlayerRenderer.java
E:\Tactica\client-src\main\java\com\juegito\client\graphics\GameApplication.java
E:\Tactica\client-src\main\java\com\juegito\client\network\MessageHandler.java
