E:\Tactica\client-src\main\java\com\juegito\client\events\ConnectionEvent.java
E:\Tactica\client-src\main\java\com\juegito\client\network\NetworkConstants.java
E:\Tactica\client-src\main\java\com\juegito\client\state\LobbyClientState.java
E:\Tactica\client-src\main\java\com\juegito\client\state\ClientGameState.java
E:\Tactica\client-src\main\java\com\juegito\client\graphics\CameraController.java
E:\Tactica\client-src\main\java\com\juegito\client\network\ConnectionManager.java
E:\Tactica\client-src\main\java\com\juegito\client\ui\ConnectionScreen.java
E:\Tactica\client-src\main\java\com\juegito\client\events\GameEventListener.java
E:\Tactica\client-src\main\java\com\juegito\client\GameClient.java
E:\Tactica\client-src\main\java\com\juegito\client\ui\DebugConsole.java
E:\Tactica\client-src\main\java\com\juegito\client\graphics\PlayerRenderer.java
E:\Tactica\client-src\main\java\com\juegito\client\graphics\GameApplication.java
E:\Tactica\client-src\main\java\com\juegito\client\events\GameEventType.java
E:\Tactica\client-src\main\java\com\juegito\client\network\NetworkClient.java
E:\Tactica\client-src\main\java\com\juegito\client\events\ActionEvent.java
E:\Tactica\client-src\main\java\com\juegito\client\graphics\HexMapRenderer.java
E:\Tactica\client-src\main\java\com\juegito\client\graphics\HUD.java
E:\Tactica\client-src\main\java\com\juegito\client\controllers\ActionController.java
E:\Tactica\client-src\main\java\com\juegito\client\graphics\GameInputProcessor.java
E:\Tactica\client-src\main\java\com\juegito\client\state\PlayerLocalState.java
E:\Tactica\client-src\main\java\com\juegito\client\graphics\GameScreen.java
E:\Tactica\client-src\main\java\com\juegito\client\graphics\SimpleAssetManager.java
E:\Tactica\client-src\main\java\com\juegito\client\events\GameEvent.java
E:\Tactica\client-src\main\java\com\juegito\client\game\TurnManager.java
E:\Tactica\client-src\main\java\com\juegito\client\graphics\GraphicsConstants.java
E:\Tactica\client-src\main\java\com\juegito\client\state\ServerUpdateProcessor.java
E:\Tactica\client-src\main\java\com\juegito\client\game\ActionExecutor.java
E:\Tactica\client-src\main\java\com\juegito\client\graphics\LobbyScreen.java
E:\Tactica\client-src\main\java\com\juegito\client\network\MessageHandler.java
E:\Tactica\client-src\main\java\com\juegito\client\events\EventBus.java
